   text	   data	    bss	    dec	    hex	filename
   1073	     32	      1	   1106	    452	bin/pdm_fft.o
     84	      0	      0	     84	     54	bin/am_util_delay.o
   1946	      0	      0	   1946	    79a	bin/am_util_faultisr.o
   3787	      0	    257	   4044	    fcc	bin/am_util_stdio.o
    372	   4096	      0	   4468	   1174	bin/startup_gcc.o
    120	      0	      0	    120	     78	arm_yule_distance.o (ex ../../../../../CMSIS/ARM/Lib/ARM/libarm_cortexM4lf_math.a)
     72	      0	      0	     72	     48	arm_sokalsneath_distance.o (ex ../../../../../CMSIS/ARM/Lib/ARM/libarm_cortexM4lf_math.a)
    100	      0	      0	    100	     64	arm_sokalmichener_distance.o (ex ../../../../../CMSIS/ARM/Lib/ARM/libarm_cortexM4lf_math.a)
     72	      0	      0	     72	     48	arm_russellrao_distance.o (ex ../../../../../CMSIS/ARM/Lib/ARM/libarm_cortexM4lf_math.a)
     88	      0	      0	     88	     58	arm_rogerstanimoto_distance.o (ex ../../../../../CMSIS/ARM/Lib/ARM/libarm_cortexM4lf_math.a)
    100	      0	      0	    100	     64	arm_minkowski_distance_f32.o (ex ../../../../../CMSIS/ARM/Lib/ARM/libarm_cortexM4lf_math.a)
     80	      0	      0	     80	     50	arm_kulsinski_distance.o (ex ../../../../../CMSIS/ARM/Lib/ARM/libarm_cortexM4lf_math.a)
    156	      0	      0	    156	     9c	arm_jensenshannon_distance_f32.o (ex ../../../../../CMSIS/ARM/Lib/ARM/libarm_cortexM4lf_math.a)
     76	      0	      0	     76	     4c	arm_jaccard_distance.o (ex ../../../../../CMSIS/ARM/Lib/ARM/libarm_cortexM4lf_math.a)
     68	      0	      0	     68	     44	arm_hamming_distance.o (ex ../../../../../CMSIS/ARM/Lib/ARM/libarm_cortexM4lf_math.a)
     96	      0	      0	     96	     60	arm_euclidean_distance_f32.o (ex ../../../../../CMSIS/ARM/Lib/ARM/libarm_cortexM4lf_math.a)
    132	      0	      0	    132	     84	arm_dice_distance.o (ex ../../../../../CMSIS/ARM/Lib/ARM/libarm_cortexM4lf_math.a)
    120	      0	      0	    120	     78	arm_cosine_distance_f32.o (ex ../../../../../CMSIS/ARM/Lib/ARM/libarm_cortexM4lf_math.a)
    212	      0	      0	    212	     d4	arm_correlation_distance_f32.o (ex ../../../../../CMSIS/ARM/Lib/ARM/libarm_cortexM4lf_math.a)
     40	      0	      0	     40	     28	arm_cityblock_distance_f32.o (ex ../../../../../CMSIS/ARM/Lib/ARM/libarm_cortexM4lf_math.a)
     56	      0	      0	     56	     38	arm_chebyshev_distance_f32.o (ex ../../../../../CMSIS/ARM/Lib/ARM/libarm_cortexM4lf_math.a)
     76	      0	      0	     76	     4c	arm_canberra_distance_f32.o (ex ../../../../../CMSIS/ARM/Lib/ARM/libarm_cortexM4lf_math.a)
     56	      0	      0	     56	     38	arm_braycurtis_distance_f32.o (ex ../../../../../CMSIS/ARM/Lib/ARM/libarm_cortexM4lf_math.a)
    752	      0	      0	    752	    2f0	arm_boolean_distance.o (ex ../../../../../CMSIS/ARM/Lib/ARM/libarm_cortexM4lf_math.a)
    148	      0	      0	    148	     94	arm_svm_sigmoid_predict_f32.o (ex ../../../../../CMSIS/ARM/Lib/ARM/libarm_cortexM4lf_math.a)
     28	      0	      0	     28	     1c	arm_svm_sigmoid_init_f32.o (ex ../../../../../CMSIS/ARM/Lib/ARM/libarm_cortexM4lf_math.a)
    140	      0	      0	    140	     8c	arm_svm_rbf_predict_f32.o (ex ../../../../../CMSIS/ARM/Lib/ARM/libarm_cortexM4lf_math.a)
     24	      0	      0	     24	     18	arm_svm_rbf_init_f32.o (ex ../../../../../CMSIS/ARM/Lib/ARM/libarm_cortexM4lf_math.a)
    148	      0	      0	    148	     94	arm_svm_polynomial_predict_f32.o (ex ../../../../../CMSIS/ARM/Lib/ARM/libarm_cortexM4lf_math.a)
     32	      0	      0	     32	     20	arm_svm_polynomial_init_f32.o (ex ../../../../../CMSIS/ARM/Lib/ARM/libarm_cortexM4lf_math.a)
    104	      0	      0	    104	     68	arm_svm_linear_predict_f32.o (ex ../../../../../CMSIS/ARM/Lib/ARM/libarm_cortexM4lf_math.a)
     28	      0	      0	     28	     1c	arm_svm_linear_init_f32.o (ex ../../../../../CMSIS/ARM/Lib/ARM/libarm_cortexM4lf_math.a)
    216	      0	      0	    216	     d8	arm_gaussian_naive_bayes_predict_f32.o (ex ../../../../../CMSIS/ARM/Lib/ARM/libarm_cortexM4lf_math.a)
   1392	      0	      0	   1392	    570	arm_const_structs.o (ex ../../../../../CMSIS/ARM/Lib/ARM/libarm_cortexM4lf_math.a)
 918978	      0	      0	 918978	  e05c2	arm_common_tables.o (ex ../../../../../CMSIS/ARM/Lib/ARM/libarm_cortexM4lf_math.a)
     44	      0	      0	     44	     2c	arm_weighted_sum_f32.o (ex ../../../../../CMSIS/ARM/Lib/ARM/libarm_cortexM4lf_math.a)
    468	      0	      0	    468	    1d4	arm_spline_interp_init_f32.o (ex ../../../../../CMSIS/ARM/Lib/ARM/libarm_cortexM4lf_math.a)
    324	      0	      0	    324	    144	arm_spline_interp_f32.o (ex ../../../../../CMSIS/ARM/Lib/ARM/libarm_cortexM4lf_math.a)
      8	      0	      0	      8	      8	arm_sort_init_f32.o (ex ../../../../../CMSIS/ARM/Lib/ARM/libarm_cortexM4lf_math.a)
     72	      0	      0	     72	     48	arm_sort_f32.o (ex ../../../../../CMSIS/ARM/Lib/ARM/libarm_cortexM4lf_math.a)
    128	      0	      0	    128	     80	arm_selection_sort_f32.o (ex ../../../../../CMSIS/ARM/Lib/ARM/libarm_cortexM4lf_math.a)
    284	      0	      0	    284	    11c	arm_quick_sort_f32.o (ex ../../../../../CMSIS/ARM/Lib/ARM/libarm_cortexM4lf_math.a)
      8	      0	      0	      8	      8	arm_merge_sort_init_f32.o (ex ../../../../../CMSIS/ARM/Lib/ARM/libarm_cortexM4lf_math.a)
    224	      0	      0	    224	     e0	arm_merge_sort_f32.o (ex ../../../../../CMSIS/ARM/Lib/ARM/libarm_cortexM4lf_math.a)
     92	      0	      0	     92	     5c	arm_insertion_sort_f32.o (ex ../../../../../CMSIS/ARM/Lib/ARM/libarm_cortexM4lf_math.a)
    232	      0	      0	    232	     e8	arm_heap_sort_f32.o (ex ../../../../../CMSIS/ARM/Lib/ARM/libarm_cortexM4lf_math.a)
    112	      0	      0	    112	     70	arm_bubble_sort_f32.o (ex ../../../../../CMSIS/ARM/Lib/ARM/libarm_cortexM4lf_math.a)
    240	      0	      0	    240	     f0	arm_bitonic_sort_f32.o (ex ../../../../../CMSIS/ARM/Lib/ARM/libarm_cortexM4lf_math.a)
    132	      0	      0	    132	     84	arm_barycenter_f32.o (ex ../../../../../CMSIS/ARM/Lib/ARM/libarm_cortexM4lf_math.a)
    120	      0	      0	    120	     78	arm_q31_to_q15.o (ex ../../../../../CMSIS/ARM/Lib/ARM/libarm_cortexM4lf_math.a)
    108	      0	      0	    108	     6c	arm_q31_to_q7.o (ex ../../../../../CMSIS/ARM/Lib/ARM/libarm_cortexM4lf_math.a)
    180	      0	      0	    180	     b4	arm_q31_to_float.o (ex ../../../../../CMSIS/ARM/Lib/ARM/libarm_cortexM4lf_math.a)
    132	      0	      0	    132	     84	arm_q15_to_q31.o (ex ../../../../../CMSIS/ARM/Lib/ARM/libarm_cortexM4lf_math.a)
    108	      0	      0	    108	     6c	arm_q15_to_q7.o (ex ../../../../../CMSIS/ARM/Lib/ARM/libarm_cortexM4lf_math.a)
    208	      0	      0	    208	     d0	arm_q15_to_float.o (ex ../../../../../CMSIS/ARM/Lib/ARM/libarm_cortexM4lf_math.a)
    116	      0	      0	    116	     74	arm_q7_to_q31.o (ex ../../../../../CMSIS/ARM/Lib/ARM/libarm_cortexM4lf_math.a)
    120	      0	      0	    120	     78	arm_q7_to_q15.o (ex ../../../../../CMSIS/ARM/Lib/ARM/libarm_cortexM4lf_math.a)
    204	      0	      0	    204	     cc	arm_q7_to_float.o (ex ../../../../../CMSIS/ARM/Lib/ARM/libarm_cortexM4lf_math.a)
    516	      0	      0	    516	    204	arm_float_to_q31.o (ex ../../../../../CMSIS/ARM/Lib/ARM/libarm_cortexM4lf_math.a)
    392	      0	      0	    392	    188	arm_float_to_q15.o (ex ../../../../../CMSIS/ARM/Lib/ARM/libarm_cortexM4lf_math.a)
    440	      0	      0	    440	    1b8	arm_float_to_q7.o (ex ../../../../../CMSIS/ARM/Lib/ARM/libarm_cortexM4lf_math.a)
     88	      0	      0	     88	     58	arm_fill_q31.o (ex ../../../../../CMSIS/ARM/Lib/ARM/libarm_cortexM4lf_math.a)
     84	      0	      0	     84	     54	arm_fill_q15.o (ex ../../../../../CMSIS/ARM/Lib/ARM/libarm_cortexM4lf_math.a)
    116	      0	      0	    116	     74	arm_fill_q7.o (ex ../../../../../CMSIS/ARM/Lib/ARM/libarm_cortexM4lf_math.a)
     72	      0	      0	     72	     48	arm_fill_f32.o (ex ../../../../../CMSIS/ARM/Lib/ARM/libarm_cortexM4lf_math.a)
    212	      0	      0	    212	     d4	arm_copy_q31.o (ex ../../../../../CMSIS/ARM/Lib/ARM/libarm_cortexM4lf_math.a)
    176	      0	      0	    176	     b0	arm_copy_q15.o (ex ../../../../../CMSIS/ARM/Lib/ARM/libarm_cortexM4lf_math.a)
    200	      0	      0	    200	     c8	arm_copy_q7.o (ex ../../../../../CMSIS/ARM/Lib/ARM/libarm_cortexM4lf_math.a)
    100	      0	      0	    100	     64	arm_copy_f32.o (ex ../../../../../CMSIS/ARM/Lib/ARM/libarm_cortexM4lf_math.a)
     40	      0	      0	     40	     28	arm_max_no_idx_f32.o (ex ../../../../../CMSIS/ARM/Lib/ARM/libarm_cortexM4lf_math.a)
    120	      0	      0	    120	     78	arm_logsumexp_f32.o (ex ../../../../../CMSIS/ARM/Lib/ARM/libarm_cortexM4lf_math.a)
     28	      0	      0	     28	     1c	arm_logsumexp_dot_prod_f32.o (ex ../../../../../CMSIS/ARM/Lib/ARM/libarm_cortexM4lf_math.a)
    100	      0	      0	    100	     64	arm_kullback_leibler_f64.o (ex ../../../../../CMSIS/ARM/Lib/ARM/libarm_cortexM4lf_math.a)
     72	      0	      0	     72	     48	arm_kullback_leibler_f32.o (ex ../../../../../CMSIS/ARM/Lib/ARM/libarm_cortexM4lf_math.a)
     88	      0	      0	     88	     58	arm_entropy_f64.o (ex ../../../../../CMSIS/ARM/Lib/ARM/libarm_cortexM4lf_math.a)
     64	      0	      0	     64	     40	arm_entropy_f32.o (ex ../../../../../CMSIS/ARM/Lib/ARM/libarm_cortexM4lf_math.a)
    236	      0	      0	    236	     ec	arm_var_q31.o (ex ../../../../../CMSIS/ARM/Lib/ARM/libarm_cortexM4lf_math.a)
    168	      0	      0	    168	     a8	arm_var_q15.o (ex ../../../../../CMSIS/ARM/Lib/ARM/libarm_cortexM4lf_math.a)
    348	      0	      0	    348	    15c	arm_var_f32.o (ex ../../../../../CMSIS/ARM/Lib/ARM/libarm_cortexM4lf_math.a)
    236	      0	      0	    236	     ec	arm_std_q31.o (ex ../../../../../CMSIS/ARM/Lib/ARM/libarm_cortexM4lf_math.a)
    200	      0	      0	    200	     c8	arm_std_q15.o (ex ../../../../../CMSIS/ARM/Lib/ARM/libarm_cortexM4lf_math.a)
     68	      0	      0	     68	     44	arm_std_f32.o (ex ../../../../../CMSIS/ARM/Lib/ARM/libarm_cortexM4lf_math.a)
    144	      0	      0	    144	     90	arm_rms_q31.o (ex ../../../../../CMSIS/ARM/Lib/ARM/libarm_cortexM4lf_math.a)
    132	      0	      0	    132	     84	arm_rms_q15.o (ex ../../../../../CMSIS/ARM/Lib/ARM/libarm_cortexM4lf_math.a)
    200	      0	      0	    200	     c8	arm_rms_f32.o (ex ../../../../../CMSIS/ARM/Lib/ARM/libarm_cortexM4lf_math.a)
    252	      0	      0	    252	     fc	arm_power_q31.o (ex ../../../../../CMSIS/ARM/Lib/ARM/libarm_cortexM4lf_math.a)
    108	      0	      0	    108	     6c	arm_power_q15.o (ex ../../../../../CMSIS/ARM/Lib/ARM/libarm_cortexM4lf_math.a)
     92	      0	      0	     92	     5c	arm_power_q7.o (ex ../../../../../CMSIS/ARM/Lib/ARM/libarm_cortexM4lf_math.a)
    140	      0	      0	    140	     8c	arm_power_f32.o (ex ../../../../../CMSIS/ARM/Lib/ARM/libarm_cortexM4lf_math.a)
    172	      0	      0	    172	     ac	arm_min_q31.o (ex ../../../../../CMSIS/ARM/Lib/ARM/libarm_cortexM4lf_math.a)
    172	      0	      0	    172	     ac	arm_min_q15.o (ex ../../../../../CMSIS/ARM/Lib/ARM/libarm_cortexM4lf_math.a)
    164	      0	      0	    164	     a4	arm_min_q7.o (ex ../../../../../CMSIS/ARM/Lib/ARM/libarm_cortexM4lf_math.a)
    224	      0	      0	    224	     e0	arm_min_f32.o (ex ../../../../../CMSIS/ARM/Lib/ARM/libarm_cortexM4lf_math.a)
    140	      0	      0	    140	     8c	arm_mean_q31.o (ex ../../../../../CMSIS/ARM/Lib/ARM/libarm_cortexM4lf_math.a)
     96	      0	      0	     96	     60	arm_mean_q15.o (ex ../../../../../CMSIS/ARM/Lib/ARM/libarm_cortexM4lf_math.a)
     92	      0	      0	     92	     5c	arm_mean_q7.o (ex ../../../../../CMSIS/ARM/Lib/ARM/libarm_cortexM4lf_math.a)
    124	      0	      0	    124	     7c	arm_mean_f32.o (ex ../../../../../CMSIS/ARM/Lib/ARM/libarm_cortexM4lf_math.a)
    172	      0	      0	    172	     ac	arm_max_q31.o (ex ../../../../../CMSIS/ARM/Lib/ARM/libarm_cortexM4lf_math.a)
    172	      0	      0	    172	     ac	arm_max_q15.o (ex ../../../../../CMSIS/ARM/Lib/ARM/libarm_cortexM4lf_math.a)
    164	      0	      0	    164	     a4	arm_max_q7.o (ex ../../../../../CMSIS/ARM/Lib/ARM/libarm_cortexM4lf_math.a)
    224	      0	      0	    224	     e0	arm_max_f32.o (ex ../../../../../CMSIS/ARM/Lib/ARM/libarm_cortexM4lf_math.a)
    564	      0	      0	    564	    234	arm_sin_cos_q31.o (ex ../../../../../CMSIS/ARM/Lib/ARM/libarm_cortexM4lf_math.a)
    292	      0	      0	    292	    124	arm_sin_cos_f32.o (ex ../../../../../CMSIS/ARM/Lib/ARM/libarm_cortexM4lf_math.a)
     12	      0	      0	     12	      c	arm_pid_reset_q31.o (ex ../../../../../CMSIS/ARM/Lib/ARM/libarm_cortexM4lf_math.a)
      8	      0	      0	      8	      8	arm_pid_reset_q15.o (ex ../../../../../CMSIS/ARM/Lib/ARM/libarm_cortexM4lf_math.a)
     12	      0	      0	     12	      c	arm_pid_reset_f32.o (ex ../../../../../CMSIS/ARM/Lib/ARM/libarm_cortexM4lf_math.a)
     52	      0	      0	     52	     34	arm_pid_init_q31.o (ex ../../../../../CMSIS/ARM/Lib/ARM/libarm_cortexM4lf_math.a)
     60	      0	      0	     60	     3c	arm_pid_init_q15.o (ex ../../../../../CMSIS/ARM/Lib/ARM/libarm_cortexM4lf_math.a)
     60	      0	      0	     60	     3c	arm_pid_init_f32.o (ex ../../../../../CMSIS/ARM/Lib/ARM/libarm_cortexM4lf_math.a)
    564	      0	      0	    564	    234	arm_rfft_fast_init_f64.o (ex ../../../../../CMSIS/ARM/Lib/ARM/libarm_cortexM4lf_math.a)
    852	      0	      0	    852	    354	arm_rfft_fast_f64.o (ex ../../../../../CMSIS/ARM/Lib/ARM/libarm_cortexM4lf_math.a)
    164	      0	      0	    164	     a4	arm_cfft_init_q31.o (ex ../../../../../CMSIS/ARM/Lib/ARM/libarm_cortexM4lf_math.a)
    164	      0	      0	    164	     a4	arm_cfft_init_q15.o (ex ../../../../../CMSIS/ARM/Lib/ARM/libarm_cortexM4lf_math.a)
    164	      0	      0	    164	     a4	arm_cfft_init_f64.o (ex ../../../../../CMSIS/ARM/Lib/ARM/libarm_cortexM4lf_math.a)
    164	      0	      0	    164	     a4	arm_cfft_init_f32.o (ex ../../../../../CMSIS/ARM/Lib/ARM/libarm_cortexM4lf_math.a)
   1488	      0	      0	   1488	    5d0	arm_cfft_f64.o (ex ../../../../../CMSIS/ARM/Lib/ARM/libarm_cortexM4lf_math.a)
    564	      0	      0	    564	    234	arm_cfft_q15.o (ex ../../../../../CMSIS/ARM/Lib/ARM/libarm_cortexM4lf_math.a)
    776	      0	      0	    776	    308	arm_cfft_q31.o (ex ../../../../../CMSIS/ARM/Lib/ARM/libarm_cortexM4lf_math.a)
    420	      0	      0	    420	    1a4	arm_rfft_fast_init_f32.o (ex ../../../../../CMSIS/ARM/Lib/ARM/libarm_cortexM4lf_math.a)
    408	      0	      0	    408	    198	arm_rfft_fast_f32.o (ex ../../../../../CMSIS/ARM/Lib/ARM/libarm_cortexM4lf_math.a)
   1432	      0	      0	   1432	    598	arm_cfft_radix8_f32.o (ex ../../../../../CMSIS/ARM/Lib/ARM/libarm_cortexM4lf_math.a)
   1856	      0	      0	   1856	    740	arm_cfft_f32.o (ex ../../../../../CMSIS/ARM/Lib/ARM/libarm_cortexM4lf_math.a)
   1596	      0	      0	   1596	    63c	arm_cfft_radix2_q31.o (ex ../../../../../CMSIS/ARM/Lib/ARM/libarm_cortexM4lf_math.a)
    996	      0	      0	    996	    3e4	arm_cfft_radix2_q15.o (ex ../../../../../CMSIS/ARM/Lib/ARM/libarm_cortexM4lf_math.a)
    268	      0	      0	    268	    10c	arm_cfft_radix2_init_q31.o (ex ../../../../../CMSIS/ARM/Lib/ARM/libarm_cortexM4lf_math.a)
    268	      0	      0	    268	    10c	arm_cfft_radix2_init_q15.o (ex ../../../../../CMSIS/ARM/Lib/ARM/libarm_cortexM4lf_math.a)
    324	      0	      0	    324	    144	arm_cfft_radix2_init_f32.o (ex ../../../../../CMSIS/ARM/Lib/ARM/libarm_cortexM4lf_math.a)
   1112	      0	      0	   1112	    458	arm_cfft_radix2_f32.o (ex ../../../../../CMSIS/ARM/Lib/ARM/libarm_cortexM4lf_math.a)
   1368	      0	      0	   1368	    558	arm_rfft_q31.o (ex ../../../../../CMSIS/ARM/Lib/ARM/libarm_cortexM4lf_math.a)
    648	      0	      0	    648	    288	arm_rfft_q15.o (ex ../../../../../CMSIS/ARM/Lib/ARM/libarm_cortexM4lf_math.a)
    248	      0	      0	    248	     f8	arm_rfft_init_q31.o (ex ../../../../../CMSIS/ARM/Lib/ARM/libarm_cortexM4lf_math.a)
    248	      0	      0	    248	     f8	arm_rfft_init_q15.o (ex ../../../../../CMSIS/ARM/Lib/ARM/libarm_cortexM4lf_math.a)
    136	      0	      0	    136	     88	arm_rfft_init_f32.o (ex ../../../../../CMSIS/ARM/Lib/ARM/libarm_cortexM4lf_math.a)
   1044	      0	      0	   1044	    414	arm_rfft_f32.o (ex ../../../../../CMSIS/ARM/Lib/ARM/libarm_cortexM4lf_math.a)
    544	      0	      0	    544	    220	arm_dct4_q31.o (ex ../../../../../CMSIS/ARM/Lib/ARM/libarm_cortexM4lf_math.a)
    548	      0	      0	    548	    224	arm_dct4_q15.o (ex ../../../../../CMSIS/ARM/Lib/ARM/libarm_cortexM4lf_math.a)
    144	      0	      0	    144	     90	arm_dct4_init_q31.o (ex ../../../../../CMSIS/ARM/Lib/ARM/libarm_cortexM4lf_math.a)
    148	      0	      0	    148	     94	arm_dct4_init_q15.o (ex ../../../../../CMSIS/ARM/Lib/ARM/libarm_cortexM4lf_math.a)
    152	      0	      0	    152	     98	arm_dct4_init_f32.o (ex ../../../../../CMSIS/ARM/Lib/ARM/libarm_cortexM4lf_math.a)
    464	      0	      0	    464	    1d0	arm_dct4_f32.o (ex ../../../../../CMSIS/ARM/Lib/ARM/libarm_cortexM4lf_math.a)
   2988	      0	      0	   2988	    bac	arm_cfft_radix4_q31.o (ex ../../../../../CMSIS/ARM/Lib/ARM/libarm_cortexM4lf_math.a)
   1772	      0	      0	   1772	    6ec	arm_cfft_radix4_q15.o (ex ../../../../../CMSIS/ARM/Lib/ARM/libarm_cortexM4lf_math.a)
    160	      0	      0	    160	     a0	arm_cfft_radix4_init_q31.o (ex ../../../../../CMSIS/ARM/Lib/ARM/libarm_cortexM4lf_math.a)
    160	      0	      0	    160	     a0	arm_cfft_radix4_init_q15.o (ex ../../../../../CMSIS/ARM/Lib/ARM/libarm_cortexM4lf_math.a)
    192	      0	      0	    192	     c0	arm_cfft_radix4_init_f32.o (ex ../../../../../CMSIS/ARM/Lib/ARM/libarm_cortexM4lf_math.a)
   2404	      0	      0	   2404	    964	arm_cfft_radix4_f32.o (ex ../../../../../CMSIS/ARM/Lib/ARM/libarm_cortexM4lf_math.a)
    212	      0	      0	    212	     d4	arm_bitreversal2.o (ex ../../../../../CMSIS/ARM/Lib/ARM/libarm_cortexM4lf_math.a)
   1048	      0	      0	   1048	    418	arm_bitreversal.o (ex ../../../../../CMSIS/ARM/Lib/ARM/libarm_cortexM4lf_math.a)
    728	      0	      0	    728	    2d8	arm_mat_inverse_f64.o (ex ../../../../../CMSIS/ARM/Lib/ARM/libarm_cortexM4lf_math.a)
   1276	      0	      0	   1276	    4fc	arm_mat_cmplx_mult_q31.o (ex ../../../../../CMSIS/ARM/Lib/ARM/libarm_cortexM4lf_math.a)
    600	      0	      0	    600	    258	arm_mat_cmplx_mult_q15.o (ex ../../../../../CMSIS/ARM/Lib/ARM/libarm_cortexM4lf_math.a)
    932	      0	      0	    932	    3a4	arm_mat_cmplx_mult_f32.o (ex ../../../../../CMSIS/ARM/Lib/ARM/libarm_cortexM4lf_math.a)
    284	      0	      0	    284	    11c	arm_mat_trans_q31.o (ex ../../../../../CMSIS/ARM/Lib/ARM/libarm_cortexM4lf_math.a)
    260	      0	      0	    260	    104	arm_mat_trans_q15.o (ex ../../../../../CMSIS/ARM/Lib/ARM/libarm_cortexM4lf_math.a)
    340	      0	      0	    340	    154	arm_mat_trans_f32.o (ex ../../../../../CMSIS/ARM/Lib/ARM/libarm_cortexM4lf_math.a)
    216	      0	      0	    216	     d8	arm_mat_sub_q31.o (ex ../../../../../CMSIS/ARM/Lib/ARM/libarm_cortexM4lf_math.a)
    164	      0	      0	    164	     a4	arm_mat_sub_q15.o (ex ../../../../../CMSIS/ARM/Lib/ARM/libarm_cortexM4lf_math.a)
    216	      0	      0	    216	     d8	arm_mat_sub_f32.o (ex ../../../../../CMSIS/ARM/Lib/ARM/libarm_cortexM4lf_math.a)
    344	      0	      0	    344	    158	arm_mat_scale_q31.o (ex ../../../../../CMSIS/ARM/Lib/ARM/libarm_cortexM4lf_math.a)
    220	      0	      0	    220	     dc	arm_mat_scale_q15.o (ex ../../../../../CMSIS/ARM/Lib/ARM/libarm_cortexM4lf_math.a)
    168	      0	      0	    168	     a8	arm_mat_scale_f32.o (ex ../../../../../CMSIS/ARM/Lib/ARM/libarm_cortexM4lf_math.a)
    600	      0	      0	    600	    258	arm_mat_mult_q31.o (ex ../../../../../CMSIS/ARM/Lib/ARM/libarm_cortexM4lf_math.a)
    548	      0	      0	    548	    224	arm_mat_mult_q15.o (ex ../../../../../CMSIS/ARM/Lib/ARM/libarm_cortexM4lf_math.a)
   1092	      0	      0	   1092	    444	arm_mat_mult_fast_q31.o (ex ../../../../../CMSIS/ARM/Lib/ARM/libarm_cortexM4lf_math.a)
   1028	      0	      0	   1028	    404	arm_mat_mult_fast_q15.o (ex ../../../../../CMSIS/ARM/Lib/ARM/libarm_cortexM4lf_math.a)
    544	      0	      0	    544	    220	arm_mat_mult_f32.o (ex ../../../../../CMSIS/ARM/Lib/ARM/libarm_cortexM4lf_math.a)
    600	      0	      0	    600	    258	arm_mat_inverse_f32.o (ex ../../../../../CMSIS/ARM/Lib/ARM/libarm_cortexM4lf_math.a)
      8	      0	      0	      8	      8	arm_mat_init_q31.o (ex ../../../../../CMSIS/ARM/Lib/ARM/libarm_cortexM4lf_math.a)
      8	      0	      0	      8	      8	arm_mat_init_q15.o (ex ../../../../../CMSIS/ARM/Lib/ARM/libarm_cortexM4lf_math.a)
      8	      0	      0	      8	      8	arm_mat_init_f32.o (ex ../../../../../CMSIS/ARM/Lib/ARM/libarm_cortexM4lf_math.a)
    216	      0	      0	    216	     d8	arm_mat_add_q31.o (ex ../../../../../CMSIS/ARM/Lib/ARM/libarm_cortexM4lf_math.a)
    164	      0	      0	    164	     a4	arm_mat_add_q15.o (ex ../../../../../CMSIS/ARM/Lib/ARM/libarm_cortexM4lf_math.a)
    216	      0	      0	    216	     d8	arm_mat_add_f32.o (ex ../../../../../CMSIS/ARM/Lib/ARM/libarm_cortexM4lf_math.a)
     24	      0	      0	     24	     18	arm_biquad_cascade_stereo_df2t_init_f32.o (ex ../../../../../CMSIS/ARM/Lib/ARM/libarm_cortexM4lf_math.a)
    980	      0	      0	    980	    3d4	arm_biquad_cascade_stereo_df2t_f32.o (ex ../../../../../CMSIS/ARM/Lib/ARM/libarm_cortexM4lf_math.a)
     24	      0	      0	     24	     18	arm_biquad_cascade_df2t_init_f64.o (ex ../../../../../CMSIS/ARM/Lib/ARM/libarm_cortexM4lf_math.a)
   2356	      0	      0	   2356	    934	arm_biquad_cascade_df2t_f64.o (ex ../../../../../CMSIS/ARM/Lib/ARM/libarm_cortexM4lf_math.a)
    888	      0	      0	    888	    378	arm_biquad_cascade_df2t_f32.o (ex ../../../../../CMSIS/ARM/Lib/ARM/libarm_cortexM4lf_math.a)
    768	      0	      0	    768	    300	arm_conv_partial_fast_opt_q15.o (ex ../../../../../CMSIS/ARM/Lib/ARM/libarm_cortexM4lf_math.a)
    772	      0	      0	    772	    304	arm_conv_fast_opt_q15.o (ex ../../../../../CMSIS/ARM/Lib/ARM/libarm_cortexM4lf_math.a)
    692	      0	      0	    692	    2b4	arm_correlate_fast_opt_q15.o (ex ../../../../../CMSIS/ARM/Lib/ARM/libarm_cortexM4lf_math.a)
    884	      0	      0	    884	    374	arm_correlate_opt_q7.o (ex ../../../../../CMSIS/ARM/Lib/ARM/libarm_cortexM4lf_math.a)
    956	      0	      0	    956	    3bc	arm_conv_partial_opt_q15.o (ex ../../../../../CMSIS/ARM/Lib/ARM/libarm_cortexM4lf_math.a)
    860	      0	      0	    860	    35c	arm_conv_partial_opt_q7.o (ex ../../../../../CMSIS/ARM/Lib/ARM/libarm_cortexM4lf_math.a)
    912	      0	      0	    912	    390	arm_conv_opt_q15.o (ex ../../../../../CMSIS/ARM/Lib/ARM/libarm_cortexM4lf_math.a)
    856	      0	      0	    856	    358	arm_conv_opt_q7.o (ex ../../../../../CMSIS/ARM/Lib/ARM/libarm_cortexM4lf_math.a)
    860	      0	      0	    860	    35c	arm_correlate_opt_q15.o (ex ../../../../../CMSIS/ARM/Lib/ARM/libarm_cortexM4lf_math.a)
    844	      0	      0	    844	    34c	arm_lms_q31.o (ex ../../../../../CMSIS/ARM/Lib/ARM/libarm_cortexM4lf_math.a)
    620	      0	      0	    620	    26c	arm_lms_q15.o (ex ../../../../../CMSIS/ARM/Lib/ARM/libarm_cortexM4lf_math.a)
   1116	      0	      0	   1116	    45c	arm_lms_norm_q31.o (ex ../../../../../CMSIS/ARM/Lib/ARM/libarm_cortexM4lf_math.a)
    764	      0	      0	    764	    2fc	arm_lms_norm_q15.o (ex ../../../../../CMSIS/ARM/Lib/ARM/libarm_cortexM4lf_math.a)
     52	      0	      0	     52	     34	arm_lms_norm_init_q31.o (ex ../../../../../CMSIS/ARM/Lib/ARM/libarm_cortexM4lf_math.a)
     52	      0	      0	     52	     34	arm_lms_norm_init_q15.o (ex ../../../../../CMSIS/ARM/Lib/ARM/libarm_cortexM4lf_math.a)
     52	      0	      0	     52	     34	arm_lms_norm_init_f32.o (ex ../../../../../CMSIS/ARM/Lib/ARM/libarm_cortexM4lf_math.a)
    580	      0	      0	    580	    244	arm_lms_norm_f32.o (ex ../../../../../CMSIS/ARM/Lib/ARM/libarm_cortexM4lf_math.a)
     36	      0	      0	     36	     24	arm_lms_init_q31.o (ex ../../../../../CMSIS/ARM/Lib/ARM/libarm_cortexM4lf_math.a)
     40	      0	      0	     40	     28	arm_lms_init_q15.o (ex ../../../../../CMSIS/ARM/Lib/ARM/libarm_cortexM4lf_math.a)
     44	      0	      0	     44	     2c	arm_lms_init_f32.o (ex ../../../../../CMSIS/ARM/Lib/ARM/libarm_cortexM4lf_math.a)
    560	      0	      0	    560	    230	arm_lms_f32.o (ex ../../../../../CMSIS/ARM/Lib/ARM/libarm_cortexM4lf_math.a)
    828	      0	      0	    828	    33c	arm_iir_lattice_q31.o (ex ../../../../../CMSIS/ARM/Lib/ARM/libarm_cortexM4lf_math.a)
    712	      0	      0	    712	    2c8	arm_iir_lattice_q15.o (ex ../../../../../CMSIS/ARM/Lib/ARM/libarm_cortexM4lf_math.a)
     32	      0	      0	     32	     20	arm_iir_lattice_init_q31.o (ex ../../../../../CMSIS/ARM/Lib/ARM/libarm_cortexM4lf_math.a)
     32	      0	      0	     32	     20	arm_iir_lattice_init_q15.o (ex ../../../../../CMSIS/ARM/Lib/ARM/libarm_cortexM4lf_math.a)
     32	      0	      0	     32	     20	arm_iir_lattice_init_f32.o (ex ../../../../../CMSIS/ARM/Lib/ARM/libarm_cortexM4lf_math.a)
    492	      0	      0	    492	    1ec	arm_iir_lattice_f32.o (ex ../../../../../CMSIS/ARM/Lib/ARM/libarm_cortexM4lf_math.a)
    908	      0	      0	    908	    38c	arm_fir_sparse_q31.o (ex ../../../../../CMSIS/ARM/Lib/ARM/libarm_cortexM4lf_math.a)
    980	      0	      0	    980	    3d4	arm_fir_sparse_q15.o (ex ../../../../../CMSIS/ARM/Lib/ARM/libarm_cortexM4lf_math.a)
   1036	      0	      0	   1036	    40c	arm_fir_sparse_q7.o (ex ../../../../../CMSIS/ARM/Lib/ARM/libarm_cortexM4lf_math.a)
     40	      0	      0	     40	     28	arm_fir_sparse_init_q31.o (ex ../../../../../CMSIS/ARM/Lib/ARM/libarm_cortexM4lf_math.a)
     40	      0	      0	     40	     28	arm_fir_sparse_init_q15.o (ex ../../../../../CMSIS/ARM/Lib/ARM/libarm_cortexM4lf_math.a)
     36	      0	      0	     36	     24	arm_fir_sparse_init_q7.o (ex ../../../../../CMSIS/ARM/Lib/ARM/libarm_cortexM4lf_math.a)
     40	      0	      0	     40	     28	arm_fir_sparse_init_f32.o (ex ../../../../../CMSIS/ARM/Lib/ARM/libarm_cortexM4lf_math.a)
    840	      0	      0	    840	    348	arm_fir_sparse_f32.o (ex ../../../../../CMSIS/ARM/Lib/ARM/libarm_cortexM4lf_math.a)
    736	      0	      0	    736	    2e0	arm_fir_q31.o (ex ../../../../../CMSIS/ARM/Lib/ARM/libarm_cortexM4lf_math.a)
    904	      0	      0	    904	    388	arm_fir_q15.o (ex ../../../../../CMSIS/ARM/Lib/ARM/libarm_cortexM4lf_math.a)
    712	      0	      0	    712	    2c8	arm_fir_q7.o (ex ../../../../../CMSIS/ARM/Lib/ARM/libarm_cortexM4lf_math.a)
   1164	      0	      0	   1164	    48c	arm_fir_lattice_q31.o (ex ../../../../../CMSIS/ARM/Lib/ARM/libarm_cortexM4lf_math.a)
   1324	      0	      0	   1324	    52c	arm_fir_lattice_q15.o (ex ../../../../../CMSIS/ARM/Lib/ARM/libarm_cortexM4lf_math.a)
     24	      0	      0	     24	     18	arm_fir_lattice_init_q31.o (ex ../../../../../CMSIS/ARM/Lib/ARM/libarm_cortexM4lf_math.a)
     24	      0	      0	     24	     18	arm_fir_lattice_init_q15.o (ex ../../../../../CMSIS/ARM/Lib/ARM/libarm_cortexM4lf_math.a)
     24	      0	      0	     24	     18	arm_fir_lattice_init_f32.o (ex ../../../../../CMSIS/ARM/Lib/ARM/libarm_cortexM4lf_math.a)
    864	      0	      0	    864	    360	arm_fir_lattice_f32.o (ex ../../../../../CMSIS/ARM/Lib/ARM/libarm_cortexM4lf_math.a)
   1340	      0	      0	   1340	    53c	arm_fir_interpolate_q31.o (ex ../../../../../CMSIS/ARM/Lib/ARM/libarm_cortexM4lf_math.a)
   1308	      0	      0	   1308	    51c	arm_fir_interpolate_q15.o (ex ../../../../../CMSIS/ARM/Lib/ARM/libarm_cortexM4lf_math.a)
     52	      0	      0	     52	     34	arm_fir_interpolate_init_q31.o (ex ../../../../../CMSIS/ARM/Lib/ARM/libarm_cortexM4lf_math.a)
     52	      0	      0	     52	     34	arm_fir_interpolate_init_q15.o (ex ../../../../../CMSIS/ARM/Lib/ARM/libarm_cortexM4lf_math.a)
     52	      0	      0	     52	     34	arm_fir_interpolate_init_f32.o (ex ../../../../../CMSIS/ARM/Lib/ARM/libarm_cortexM4lf_math.a)
   1160	      0	      0	   1160	    488	arm_fir_interpolate_f32.o (ex ../../../../../CMSIS/ARM/Lib/ARM/libarm_cortexM4lf_math.a)
     28	      0	      0	     28	     1c	arm_fir_init_q31.o (ex ../../../../../CMSIS/ARM/Lib/ARM/libarm_cortexM4lf_math.a)
     44	      0	      0	     44	     2c	arm_fir_init_q15.o (ex ../../../../../CMSIS/ARM/Lib/ARM/libarm_cortexM4lf_math.a)
     28	      0	      0	     28	     1c	arm_fir_init_q7.o (ex ../../../../../CMSIS/ARM/Lib/ARM/libarm_cortexM4lf_math.a)
     28	      0	      0	     28	     1c	arm_fir_init_f32.o (ex ../../../../../CMSIS/ARM/Lib/ARM/libarm_cortexM4lf_math.a)
   1224	      0	      0	   1224	    4c8	arm_fir_fast_q31.o (ex ../../../../../CMSIS/ARM/Lib/ARM/libarm_cortexM4lf_math.a)
    768	      0	      0	    768	    300	arm_fir_fast_q15.o (ex ../../../../../CMSIS/ARM/Lib/ARM/libarm_cortexM4lf_math.a)
   1296	      0	      0	   1296	    510	arm_fir_f32.o (ex ../../../../../CMSIS/ARM/Lib/ARM/libarm_cortexM4lf_math.a)
   1368	      0	      0	   1368	    558	arm_fir_decimate_q31.o (ex ../../../../../CMSIS/ARM/Lib/ARM/libarm_cortexM4lf_math.a)
    708	      0	      0	    708	    2c4	arm_fir_decimate_q15.o (ex ../../../../../CMSIS/ARM/Lib/ARM/libarm_cortexM4lf_math.a)
     52	      0	      0	     52	     34	arm_fir_decimate_init_q31.o (ex ../../../../../CMSIS/ARM/Lib/ARM/libarm_cortexM4lf_math.a)
     52	      0	      0	     52	     34	arm_fir_decimate_init_q15.o (ex ../../../../../CMSIS/ARM/Lib/ARM/libarm_cortexM4lf_math.a)
     52	      0	      0	     52	     34	arm_fir_decimate_init_f32.o (ex ../../../../../CMSIS/ARM/Lib/ARM/libarm_cortexM4lf_math.a)
   1480	      0	      0	   1480	    5c8	arm_fir_decimate_fast_q31.o (ex ../../../../../CMSIS/ARM/Lib/ARM/libarm_cortexM4lf_math.a)
    664	      0	      0	    664	    298	arm_fir_decimate_fast_q15.o (ex ../../../../../CMSIS/ARM/Lib/ARM/libarm_cortexM4lf_math.a)
    892	      0	      0	    892	    37c	arm_fir_decimate_f32.o (ex ../../../../../CMSIS/ARM/Lib/ARM/libarm_cortexM4lf_math.a)
   1264	      0	      0	   1264	    4f0	arm_correlate_q31.o (ex ../../../../../CMSIS/ARM/Lib/ARM/libarm_cortexM4lf_math.a)
   1284	      0	      0	   1284	    504	arm_correlate_q15.o (ex ../../../../../CMSIS/ARM/Lib/ARM/libarm_cortexM4lf_math.a)
   1352	      0	      0	   1352	    548	arm_correlate_q7.o (ex ../../../../../CMSIS/ARM/Lib/ARM/libarm_cortexM4lf_math.a)
   1908	      0	      0	   1908	    774	arm_correlate_fast_q31.o (ex ../../../../../CMSIS/ARM/Lib/ARM/libarm_cortexM4lf_math.a)
   1112	      0	      0	   1112	    458	arm_correlate_fast_q15.o (ex ../../../../../CMSIS/ARM/Lib/ARM/libarm_cortexM4lf_math.a)
   1364	      0	      0	   1364	    554	arm_correlate_f32.o (ex ../../../../../CMSIS/ARM/Lib/ARM/libarm_cortexM4lf_math.a)
   1208	      0	      0	   1208	    4b8	arm_conv_q31.o (ex ../../../../../CMSIS/ARM/Lib/ARM/libarm_cortexM4lf_math.a)
   1484	      0	      0	   1484	    5cc	arm_conv_q15.o (ex ../../../../../CMSIS/ARM/Lib/ARM/libarm_cortexM4lf_math.a)
   1280	      0	      0	   1280	    500	arm_conv_q7.o (ex ../../../../../CMSIS/ARM/Lib/ARM/libarm_cortexM4lf_math.a)
   1340	      0	      0	   1340	    53c	arm_conv_partial_q31.o (ex ../../../../../CMSIS/ARM/Lib/ARM/libarm_cortexM4lf_math.a)
   1940	      0	      0	   1940	    794	arm_conv_partial_q15.o (ex ../../../../../CMSIS/ARM/Lib/ARM/libarm_cortexM4lf_math.a)
   1432	      0	      0	   1432	    598	arm_conv_partial_q7.o (ex ../../../../../CMSIS/ARM/Lib/ARM/libarm_cortexM4lf_math.a)
   2008	      0	      0	   2008	    7d8	arm_conv_partial_fast_q31.o (ex ../../../../../CMSIS/ARM/Lib/ARM/libarm_cortexM4lf_math.a)
   1748	      0	      0	   1748	    6d4	arm_conv_partial_fast_q15.o (ex ../../../../../CMSIS/ARM/Lib/ARM/libarm_cortexM4lf_math.a)
   1420	      0	      0	   1420	    58c	arm_conv_partial_f32.o (ex ../../../../../CMSIS/ARM/Lib/ARM/libarm_cortexM4lf_math.a)
   1844	      0	      0	   1844	    734	arm_conv_fast_q31.o (ex ../../../../../CMSIS/ARM/Lib/ARM/libarm_cortexM4lf_math.a)
   1308	      0	      0	   1308	    51c	arm_conv_fast_q15.o (ex ../../../../../CMSIS/ARM/Lib/ARM/libarm_cortexM4lf_math.a)
   1252	      0	      0	   1252	    4e4	arm_conv_f32.o (ex ../../../../../CMSIS/ARM/Lib/ARM/libarm_cortexM4lf_math.a)
     24	      0	      0	     24	     18	arm_biquad_cascade_df2t_init_f32.o (ex ../../../../../CMSIS/ARM/Lib/ARM/libarm_cortexM4lf_math.a)
    628	      0	      0	    628	    274	arm_biquad_cascade_df1_q31.o (ex ../../../../../CMSIS/ARM/Lib/ARM/libarm_cortexM4lf_math.a)
    320	      0	      0	    320	    140	arm_biquad_cascade_df1_q15.o (ex ../../../../../CMSIS/ARM/Lib/ARM/libarm_cortexM4lf_math.a)
     28	      0	      0	     28	     1c	arm_biquad_cascade_df1_init_q31.o (ex ../../../../../CMSIS/ARM/Lib/ARM/libarm_cortexM4lf_math.a)
     28	      0	      0	     28	     1c	arm_biquad_cascade_df1_init_q15.o (ex ../../../../../CMSIS/ARM/Lib/ARM/libarm_cortexM4lf_math.a)
     24	      0	      0	     24	     18	arm_biquad_cascade_df1_init_f32.o (ex ../../../../../CMSIS/ARM/Lib/ARM/libarm_cortexM4lf_math.a)
   1120	      0	      0	   1120	    460	arm_biquad_cascade_df1_fast_q31.o (ex ../../../../../CMSIS/ARM/Lib/ARM/libarm_cortexM4lf_math.a)
    256	      0	      0	    256	    100	arm_biquad_cascade_df1_fast_q15.o (ex ../../../../../CMSIS/ARM/Lib/ARM/libarm_cortexM4lf_math.a)
    500	      0	      0	    500	    1f4	arm_biquad_cascade_df1_f32.o (ex ../../../../../CMSIS/ARM/Lib/ARM/libarm_cortexM4lf_math.a)
   1968	      0	      0	   1968	    7b0	arm_biquad_cascade_df1_32x64_q31.o (ex ../../../../../CMSIS/ARM/Lib/ARM/libarm_cortexM4lf_math.a)
     28	      0	      0	     28	     1c	arm_biquad_cascade_df1_32x64_init_q31.o (ex ../../../../../CMSIS/ARM/Lib/ARM/libarm_cortexM4lf_math.a)
    336	      0	      0	    336	    150	arm_cmplx_mult_real_q31.o (ex ../../../../../CMSIS/ARM/Lib/ARM/libarm_cortexM4lf_math.a)
    340	      0	      0	    340	    154	arm_cmplx_mult_real_q15.o (ex ../../../../../CMSIS/ARM/Lib/ARM/libarm_cortexM4lf_math.a)
    264	      0	      0	    264	    108	arm_cmplx_mult_real_f32.o (ex ../../../../../CMSIS/ARM/Lib/ARM/libarm_cortexM4lf_math.a)
    452	      0	      0	    452	    1c4	arm_cmplx_mult_cmplx_q31.o (ex ../../../../../CMSIS/ARM/Lib/ARM/libarm_cortexM4lf_math.a)
    436	      0	      0	    436	    1b4	arm_cmplx_mult_cmplx_q15.o (ex ../../../../../CMSIS/ARM/Lib/ARM/libarm_cortexM4lf_math.a)
    404	      0	      0	    404	    194	arm_cmplx_mult_cmplx_f32.o (ex ../../../../../CMSIS/ARM/Lib/ARM/libarm_cortexM4lf_math.a)
    216	      0	      0	    216	     d8	arm_cmplx_mag_squared_q31.o (ex ../../../../../CMSIS/ARM/Lib/ARM/libarm_cortexM4lf_math.a)
    128	      0	      0	    128	     80	arm_cmplx_mag_squared_q15.o (ex ../../../../../CMSIS/ARM/Lib/ARM/libarm_cortexM4lf_math.a)
    224	      0	      0	    224	     e0	arm_cmplx_mag_squared_f32.o (ex ../../../../../CMSIS/ARM/Lib/ARM/libarm_cortexM4lf_math.a)
    208	      0	      0	    208	     d0	arm_cmplx_mag_q31.o (ex ../../../../../CMSIS/ARM/Lib/ARM/libarm_cortexM4lf_math.a)
    136	      0	      0	    136	     88	arm_cmplx_mag_q15.o (ex ../../../../../CMSIS/ARM/Lib/ARM/libarm_cortexM4lf_math.a)
    584	      0	      0	    584	    248	arm_cmplx_mag_f32.o (ex ../../../../../CMSIS/ARM/Lib/ARM/libarm_cortexM4lf_math.a)
    848	      0	      0	    848	    350	arm_cmplx_dot_prod_q31.o (ex ../../../../../CMSIS/ARM/Lib/ARM/libarm_cortexM4lf_math.a)
    420	      0	      0	    420	    1a4	arm_cmplx_dot_prod_q15.o (ex ../../../../../CMSIS/ARM/Lib/ARM/libarm_cortexM4lf_math.a)
    424	      0	      0	    424	    1a8	arm_cmplx_dot_prod_f32.o (ex ../../../../../CMSIS/ARM/Lib/ARM/libarm_cortexM4lf_math.a)
    176	      0	      0	    176	     b0	arm_cmplx_conj_q31.o (ex ../../../../../CMSIS/ARM/Lib/ARM/libarm_cortexM4lf_math.a)
    168	      0	      0	    168	     a8	arm_cmplx_conj_q15.o (ex ../../../../../CMSIS/ARM/Lib/ARM/libarm_cortexM4lf_math.a)
    184	      0	      0	    184	     b8	arm_cmplx_conj_f32.o (ex ../../../../../CMSIS/ARM/Lib/ARM/libarm_cortexM4lf_math.a)
     32	      0	      0	     32	     20	arm_vlog_f32.o (ex ../../../../../CMSIS/ARM/Lib/ARM/libarm_cortexM4lf_math.a)
     32	      0	      0	     32	     20	arm_vexp_f32.o (ex ../../../../../CMSIS/ARM/Lib/ARM/libarm_cortexM4lf_math.a)
    240	      0	      0	    240	     f0	arm_sqrt_q31.o (ex ../../../../../CMSIS/ARM/Lib/ARM/libarm_cortexM4lf_math.a)
    204	      0	      0	    204	     cc	arm_sqrt_q15.o (ex ../../../../../CMSIS/ARM/Lib/ARM/libarm_cortexM4lf_math.a)
     68	      0	      0	     68	     44	arm_sin_q31.o (ex ../../../../../CMSIS/ARM/Lib/ARM/libarm_cortexM4lf_math.a)
     68	      0	      0	     68	     44	arm_sin_q15.o (ex ../../../../../CMSIS/ARM/Lib/ARM/libarm_cortexM4lf_math.a)
    140	      0	      0	    140	     8c	arm_sin_f32.o (ex ../../../../../CMSIS/ARM/Lib/ARM/libarm_cortexM4lf_math.a)
     68	      0	      0	     68	     44	arm_cos_q31.o (ex ../../../../../CMSIS/ARM/Lib/ARM/libarm_cortexM4lf_math.a)
     76	      0	      0	     76	     4c	arm_cos_q15.o (ex ../../../../../CMSIS/ARM/Lib/ARM/libarm_cortexM4lf_math.a)
    148	      0	      0	    148	     94	arm_cos_f32.o (ex ../../../../../CMSIS/ARM/Lib/ARM/libarm_cortexM4lf_math.a)
    160	      0	      0	    160	     a0	arm_xor_u32.o (ex ../../../../../CMSIS/ARM/Lib/ARM/libarm_cortexM4lf_math.a)
    116	      0	      0	    116	     74	arm_xor_u16.o (ex ../../../../../CMSIS/ARM/Lib/ARM/libarm_cortexM4lf_math.a)
    152	      0	      0	    152	     98	arm_xor_u8.o (ex ../../../../../CMSIS/ARM/Lib/ARM/libarm_cortexM4lf_math.a)
    160	      0	      0	    160	     a0	arm_or_u32.o (ex ../../../../../CMSIS/ARM/Lib/ARM/libarm_cortexM4lf_math.a)
    116	      0	      0	    116	     74	arm_or_u16.o (ex ../../../../../CMSIS/ARM/Lib/ARM/libarm_cortexM4lf_math.a)
    152	      0	      0	    152	     98	arm_or_u8.o (ex ../../../../../CMSIS/ARM/Lib/ARM/libarm_cortexM4lf_math.a)
    120	      0	      0	    120	     78	arm_not_u32.o (ex ../../../../../CMSIS/ARM/Lib/ARM/libarm_cortexM4lf_math.a)
     88	      0	      0	     88	     58	arm_not_u16.o (ex ../../../../../CMSIS/ARM/Lib/ARM/libarm_cortexM4lf_math.a)
    116	      0	      0	    116	     74	arm_not_u8.o (ex ../../../../../CMSIS/ARM/Lib/ARM/libarm_cortexM4lf_math.a)
    160	      0	      0	    160	     a0	arm_and_u32.o (ex ../../../../../CMSIS/ARM/Lib/ARM/libarm_cortexM4lf_math.a)
    116	      0	      0	    116	     74	arm_and_u16.o (ex ../../../../../CMSIS/ARM/Lib/ARM/libarm_cortexM4lf_math.a)
    152	      0	      0	    152	     98	arm_and_u8.o (ex ../../../../../CMSIS/ARM/Lib/ARM/libarm_cortexM4lf_math.a)
    180	      0	      0	    180	     b4	arm_sub_q31.o (ex ../../../../../CMSIS/ARM/Lib/ARM/libarm_cortexM4lf_math.a)
    136	      0	      0	    136	     88	arm_sub_q15.o (ex ../../../../../CMSIS/ARM/Lib/ARM/libarm_cortexM4lf_math.a)
    112	      0	      0	    112	     70	arm_sub_q7.o (ex ../../../../../CMSIS/ARM/Lib/ARM/libarm_cortexM4lf_math.a)
    180	      0	      0	    180	     b4	arm_sub_f32.o (ex ../../../../../CMSIS/ARM/Lib/ARM/libarm_cortexM4lf_math.a)
    452	      0	      0	    452	    1c4	arm_shift_q31.o (ex ../../../../../CMSIS/ARM/Lib/ARM/libarm_cortexM4lf_math.a)
    292	      0	      0	    292	    124	arm_shift_q15.o (ex ../../../../../CMSIS/ARM/Lib/ARM/libarm_cortexM4lf_math.a)
    316	      0	      0	    316	    13c	arm_shift_q7.o (ex ../../../../../CMSIS/ARM/Lib/ARM/libarm_cortexM4lf_math.a)
    500	      0	      0	    500	    1f4	arm_scale_q31.o (ex ../../../../../CMSIS/ARM/Lib/ARM/libarm_cortexM4lf_math.a)
    188	      0	      0	    188	     bc	arm_scale_q15.o (ex ../../../../../CMSIS/ARM/Lib/ARM/libarm_cortexM4lf_math.a)
    208	      0	      0	    208	     d0	arm_scale_q7.o (ex ../../../../../CMSIS/ARM/Lib/ARM/libarm_cortexM4lf_math.a)
    140	      0	      0	    140	     8c	arm_scale_f32.o (ex ../../../../../CMSIS/ARM/Lib/ARM/libarm_cortexM4lf_math.a)
    128	      0	      0	    128	     80	arm_offset_q31.o (ex ../../../../../CMSIS/ARM/Lib/ARM/libarm_cortexM4lf_math.a)
    104	      0	      0	    104	     68	arm_offset_q15.o (ex ../../../../../CMSIS/ARM/Lib/ARM/libarm_cortexM4lf_math.a)
    116	      0	      0	    116	     74	arm_offset_q7.o (ex ../../../../../CMSIS/ARM/Lib/ARM/libarm_cortexM4lf_math.a)
    140	      0	      0	    140	     8c	arm_offset_f32.o (ex ../../../../../CMSIS/ARM/Lib/ARM/libarm_cortexM4lf_math.a)
    132	      0	      0	    132	     84	arm_negate_q31.o (ex ../../../../../CMSIS/ARM/Lib/ARM/libarm_cortexM4lf_math.a)
    208	      0	      0	    208	     d0	arm_negate_q15.o (ex ../../../../../CMSIS/ARM/Lib/ARM/libarm_cortexM4lf_math.a)
     92	      0	      0	     92	     5c	arm_negate_q7.o (ex ../../../../../CMSIS/ARM/Lib/ARM/libarm_cortexM4lf_math.a)
    140	      0	      0	    140	     8c	arm_negate_f32.o (ex ../../../../../CMSIS/ARM/Lib/ARM/libarm_cortexM4lf_math.a)
    220	      0	      0	    220	     dc	arm_mult_q31.o (ex ../../../../../CMSIS/ARM/Lib/ARM/libarm_cortexM4lf_math.a)
    188	      0	      0	    188	     bc	arm_mult_q15.o (ex ../../../../../CMSIS/ARM/Lib/ARM/libarm_cortexM4lf_math.a)
    232	      0	      0	    232	     e8	arm_mult_q7.o (ex ../../../../../CMSIS/ARM/Lib/ARM/libarm_cortexM4lf_math.a)
    180	      0	      0	    180	     b4	arm_mult_f32.o (ex ../../../../../CMSIS/ARM/Lib/ARM/libarm_cortexM4lf_math.a)
    312	      0	      0	    312	    138	arm_dot_prod_q31.o (ex ../../../../../CMSIS/ARM/Lib/ARM/libarm_cortexM4lf_math.a)
    128	      0	      0	    128	     80	arm_dot_prod_q15.o (ex ../../../../../CMSIS/ARM/Lib/ARM/libarm_cortexM4lf_math.a)
    132	      0	      0	    132	     84	arm_dot_prod_q7.o (ex ../../../../../CMSIS/ARM/Lib/ARM/libarm_cortexM4lf_math.a)
    180	      0	      0	    180	     b4	arm_dot_prod_f32.o (ex ../../../../../CMSIS/ARM/Lib/ARM/libarm_cortexM4lf_math.a)
    180	      0	      0	    180	     b4	arm_add_q31.o (ex ../../../../../CMSIS/ARM/Lib/ARM/libarm_cortexM4lf_math.a)
    136	      0	      0	    136	     88	arm_add_q15.o (ex ../../../../../CMSIS/ARM/Lib/ARM/libarm_cortexM4lf_math.a)
    112	      0	      0	    112	     70	arm_add_q7.o (ex ../../../../../CMSIS/ARM/Lib/ARM/libarm_cortexM4lf_math.a)
    180	      0	      0	    180	     b4	arm_add_f32.o (ex ../../../../../CMSIS/ARM/Lib/ARM/libarm_cortexM4lf_math.a)
    176	      0	      0	    176	     b0	arm_abs_q31.o (ex ../../../../../CMSIS/ARM/Lib/ARM/libarm_cortexM4lf_math.a)
    212	      0	      0	    212	     d4	arm_abs_q15.o (ex ../../../../../CMSIS/ARM/Lib/ARM/libarm_cortexM4lf_math.a)
    192	      0	      0	    192	     c0	arm_abs_q7.o (ex ../../../../../CMSIS/ARM/Lib/ARM/libarm_cortexM4lf_math.a)
    140	      0	      0	    140	     8c	arm_abs_f32.o (ex ../../../../../CMSIS/ARM/Lib/ARM/libarm_cortexM4lf_math.a)
   1552	      0	     16	   1568	    620	am_hal_adc.o (ex ../../../../../mcu/apollo3/hal/gcc/bin/libam_hal.a)
  10860	      0	      0	  10860	   2a6c	am_hal_ble.o (ex ../../../../../mcu/apollo3/hal/gcc/bin/libam_hal.a)
   5712	    540	      0	   6252	   186c	am_hal_ble_patch.o (ex ../../../../../mcu/apollo3/hal/gcc/bin/libam_hal.a)
   1052	   4008	      0	   5060	   13c4	am_hal_ble_patch_b0.o (ex ../../../../../mcu/apollo3/hal/gcc/bin/libam_hal.a)
    300	      0	      1	    301	    12d	am_hal_burst.o (ex ../../../../../mcu/apollo3/hal/gcc/bin/libam_hal.a)
    923	      0	      0	    923	    39b	am_hal_cachectrl.o (ex ../../../../../mcu/apollo3/hal/gcc/bin/libam_hal.a)
    552	      0	      0	    552	    228	am_hal_clkgen.o (ex ../../../../../mcu/apollo3/hal/gcc/bin/libam_hal.a)
   1740	      0	    352	   2092	    82c	am_hal_cmdq.o (ex ../../../../../mcu/apollo3/hal/gcc/bin/libam_hal.a)
   2927	     16	    128	   3071	    bff	am_hal_ctimer.o (ex ../../../../../mcu/apollo3/hal/gcc/bin/libam_hal.a)
      4	      0	      0	      4	      4	am_hal_debug.o (ex ../../../../../mcu/apollo3/hal/gcc/bin/libam_hal.a)
   3552	     12	      0	   3564	    dec	am_hal_flash.o (ex ../../../../../mcu/apollo3/hal/gcc/bin/libam_hal.a)
    101	      0	      4	    105	     69	am_hal_global.o (ex ../../../../../mcu/apollo3/hal/gcc/bin/libam_hal.a)
   2842	      0	    400	   3242	    caa	am_hal_gpio.o (ex ../../../../../mcu/apollo3/hal/gcc/bin/libam_hal.a)
     24	      0	      0	     24	     18	am_hal_interrupt.o (ex ../../../../../mcu/apollo3/hal/gcc/bin/libam_hal.a)
   8460	      0	      0	   8460	   210c	am_hal_iom.o (ex ../../../../../mcu/apollo3/hal/gcc/bin/libam_hal.a)
   2303	      0	      0	   2303	    8ff	am_hal_ios.o (ex ../../../../../mcu/apollo3/hal/gcc/bin/libam_hal.a)
    448	      0	      0	    448	    1c0	am_hal_itm.o (ex ../../../../../mcu/apollo3/hal/gcc/bin/libam_hal.a)
    932	      0	      0	    932	    3a4	am_hal_mcuctrl.o (ex ../../../../../mcu/apollo3/hal/gcc/bin/libam_hal.a)
   6648	      0	      0	   6648	   19f8	am_hal_mspi.o (ex ../../../../../mcu/apollo3/hal/gcc/bin/libam_hal.a)
   1072	      0	      0	   1072	    430	am_hal_pdm.o (ex ../../../../../mcu/apollo3/hal/gcc/bin/libam_hal.a)
   1608	      0	      1	   1609	    649	am_hal_pwrctrl.o (ex ../../../../../mcu/apollo3/hal/gcc/bin/libam_hal.a)
    272	      0	      0	    272	    110	am_hal_queue.o (ex ../../../../../mcu/apollo3/hal/gcc/bin/libam_hal.a)
    384	      0	      4	    388	    184	am_hal_reset.o (ex ../../../../../mcu/apollo3/hal/gcc/bin/libam_hal.a)
   1124	      0	      0	   1124	    464	am_hal_rtc.o (ex ../../../../../mcu/apollo3/hal/gcc/bin/libam_hal.a)
   5120	      0	      0	   5120	   1400	am_hal_scard.o (ex ../../../../../mcu/apollo3/hal/gcc/bin/libam_hal.a)
    292	      0	     12	    304	    130	am_hal_secure_ota.o (ex ../../../../../mcu/apollo3/hal/gcc/bin/libam_hal.a)
    696	      4	    516	   1216	    4c0	am_hal_security.o (ex ../../../../../mcu/apollo3/hal/gcc/bin/libam_hal.a)
    616	      0	      0	    616	    268	am_hal_stimer.o (ex ../../../../../mcu/apollo3/hal/gcc/bin/libam_hal.a)
    268	      0	      4	    272	    110	am_hal_sysctrl.o (ex ../../../../../mcu/apollo3/hal/gcc/bin/libam_hal.a)
    312	      0	      0	    312	    138	am_hal_systick.o (ex ../../../../../mcu/apollo3/hal/gcc/bin/libam_hal.a)
    360	      0	      0	    360	    168	am_hal_tpiu.o (ex ../../../../../mcu/apollo3/hal/gcc/bin/libam_hal.a)
   2928	      0	      0	   2928	    b70	am_hal_uart.o (ex ../../../../../mcu/apollo3/hal/gcc/bin/libam_hal.a)
    447	      0	      0	    447	    1bf	am_hal_wdt.o (ex ../../../../../mcu/apollo3/hal/gcc/bin/libam_hal.a)
   2728	    128	   2056	   4912	   1330	am_bsp.o (ex ../../../bsp/gcc/bin/libam_bsp.a)
    312	      0	      0	    312	    138	am_bsp_pins.o (ex ../../../bsp/gcc/bin/libam_bsp.a)
  51592	   1104	 119080	 171776	  29f00	bin/pdm_fft.axf
